// Jest Snapshot v1, https://goo.gl/fbAQLP

exports[`fetches coins correctly 1`] = `
Array [
  Object {
    "meta": Object {
      "arg": undefined,
      "requestId": "zVuzBFeaRgEcTPycTp8zi",
      "requestStatus": "pending",
    },
    "payload": undefined,
    "type": "getCoins/pending",
  },
  Object {
    "meta": Object {
      "arg": undefined,
      "requestId": "zVuzBFeaRgEcTPycTp8zi",
      "requestStatus": "fulfilled",
    },
    "payload": Object {
      "ada": Object {
        "ath": 3.09,
        "atl": 0.01925275,
        "current_price": 0.277229,
        "icon_url": "https://assets.coingecko.com/coins/images/975/large/cardano.png?1547034860",
        "name": "Cardano",
        "symbol": "ada",
      },
      "avax": Object {
        "ath": 144.96,
        "atl": 2.8,
        "current_price": 11.66,
        "icon_url": "https://assets.coingecko.com/coins/images/12559/large/Avalanche_Circle_RedWhite_Trans.png?1670992574",
        "name": "Avalanche",
        "symbol": "avax",
      },
      "bnb": Object {
        "ath": 686.31,
        "atl": 0.0398177,
        "current_price": 239.34,
        "icon_url": "https://assets.coingecko.com/coins/images/825/large/bnb-icon2_2x.png?1644979850",
        "name": "BNB",
        "symbol": "bnb",
      },
      "btc": Object {
        "ath": 69045,
        "atl": 67.81,
        "current_price": 25887,
        "icon_url": "https://assets.coingecko.com/coins/images/1/large/bitcoin.png?1547033579",
        "name": "Bitcoin",
        "symbol": "btc",
      },
      "busd": Object {
        "ath": 1.15,
        "atl": 0.901127,
        "current_price": 1,
        "icon_url": "https://assets.coingecko.com/coins/images/9576/large/BUSD.png?1568947766",
        "name": "Binance USD",
        "symbol": "busd",
      },
      "dai": Object {
        "ath": 1.22,
        "atl": 0.88196,
        "current_price": 0.999208,
        "icon_url": "https://assets.coingecko.com/coins/images/9956/large/4943.png?1636636734",
        "name": "Dai",
        "symbol": "dai",
      },
      "doge": Object {
        "ath": 0.731578,
        "atl": 0.0000869,
        "current_price": 0.062191,
        "icon_url": "https://assets.coingecko.com/coins/images/5/large/dogecoin.png?1547792256",
        "name": "Dogecoin",
        "symbol": "doge",
      },
      "dot": Object {
        "ath": 54.98,
        "atl": 2.7,
        "current_price": 4.53,
        "icon_url": "https://assets.coingecko.com/coins/images/12171/large/polkadot.png?1639712644",
        "name": "Polkadot",
        "symbol": "dot",
      },
      "eth": Object {
        "ath": 4878.26,
        "atl": 0.432979,
        "current_price": 1756.04,
        "icon_url": "https://assets.coingecko.com/coins/images/279/large/ethereum.png?1595348880",
        "name": "Ethereum",
        "symbol": "eth",
      },
      "leo": Object {
        "ath": 8.14,
        "atl": 0.799859,
        "current_price": 3.51,
        "icon_url": "https://assets.coingecko.com/coins/images/8418/large/leo-token.png?1558326215",
        "name": "LEO Token",
        "symbol": "leo",
      },
      "ltc": Object {
        "ath": 410.26,
        "atl": 1.15,
        "current_price": 77.53,
        "icon_url": "https://assets.coingecko.com/coins/images/2/large/litecoin.png?1547033580",
        "name": "Litecoin",
        "symbol": "ltc",
      },
      "matic": Object {
        "ath": 2.92,
        "atl": 0.00314376,
        "current_price": 0.613856,
        "icon_url": "https://assets.coingecko.com/coins/images/4713/large/matic-token-icon.png?1624446912",
        "name": "Polygon",
        "symbol": "matic",
      },
      "shib": Object {
        "ath": 0.00008616,
        "atl": 5.6366e-11,
        "current_price": 0.00000695,
        "icon_url": "https://assets.coingecko.com/coins/images/11939/large/shiba.png?1622619446",
        "name": "Shiba Inu",
        "symbol": "shib",
      },
      "sol": Object {
        "ath": 259.96,
        "atl": 0.500801,
        "current_price": 15.74,
        "icon_url": "https://assets.coingecko.com/coins/images/4128/large/solana.png?1640133422",
        "name": "Solana",
        "symbol": "sol",
      },
      "steth": Object {
        "ath": 4829.57,
        "atl": 482.9,
        "current_price": 1753.31,
        "icon_url": "https://assets.coingecko.com/coins/images/13442/large/steth_logo.png?1608607546",
        "name": "Lido Staked Ether",
        "symbol": "steth",
      },
      "trx": Object {
        "ath": 0.231673,
        "atl": 0.00180434,
        "current_price": 0.069814,
        "icon_url": "https://assets.coingecko.com/coins/images/1094/large/tron-logo.png?1547035066",
        "name": "TRON",
        "symbol": "trx",
      },
      "usdc": Object {
        "ath": 1.17,
        "atl": 0.877647,
        "current_price": 1,
        "icon_url": "https://assets.coingecko.com/coins/images/6319/large/USD_Coin_icon.png?1547042389",
        "name": "USD Coin",
        "symbol": "usdc",
      },
      "usdt": Object {
        "ath": 1.32,
        "atl": 0.572521,
        "current_price": 1.001,
        "icon_url": "https://assets.coingecko.com/coins/images/325/large/Tether.png?1668148663",
        "name": "Tether",
        "symbol": "usdt",
      },
      "wbtc": Object {
        "ath": 70643,
        "atl": 3139.17,
        "current_price": 25860,
        "icon_url": "https://assets.coingecko.com/coins/images/7598/large/wrapped_bitcoin_wbtc.png?1548822744",
        "name": "Wrapped Bitcoin",
        "symbol": "wbtc",
      },
      "xrp": Object {
        "ath": 3.4,
        "atl": 0.00268621,
        "current_price": 0.512752,
        "icon_url": "https://assets.coingecko.com/coins/images/44/large/xrp-symbol-white-128.png?1605778731",
        "name": "XRP",
        "symbol": "xrp",
      },
    },
    "type": "getCoins/fulfilled",
  },
]
`;
